// Jest Snapshot v1, https://goo.gl/fbAQLP

exports[`Test Gallery 1`] = `
<DocumentFragment>
  <div
    data-testid="gallery"
  >
    <div>
      Â 
    </div>
  </div>
</DocumentFragment>
`;
